2026-09-24 10:33:04 0 [Note] Starting MariaDB 10.4.32-MariaDB source revision c4143f909528e3fab0677a28631d10389354c491 as process 5916
2026-09-24 10:33:04 0 [Note] InnoDB: Mutexes and rw_locks use Windows interlocked functions
2026-09-24 10:33:04 0 [Note] InnoDB: Uses event mutexes
2026-09-24 10:33:04 0 [Note] InnoDB: Compressed tables use zlib 1.3
2026-09-24 10:33:04 0 [Note] InnoDB: Number of pools: 1
2026-09-24 10:33:04 0 [Note] InnoDB: Using SSE2 crc32 instructions
2026-09-24 10:33:04 0 [Note] InnoDB: Initializing buffer pool, total size = 16M, instances = 1, chunk size = 16M
2026-09-24 10:33:04 0 [Note] InnoDB: Completed initialization of buffer pool
2026-09-24 10:33:04 0 [Note] InnoDB: Starting crash recovery from checkpoint LSN=300288
2026-09-24 10:33:04 0 [Note] InnoDB: 128 out of 128 rollback segments are active.
2026-09-24 10:33:04 0 [Note] InnoDB: Removed temporary tablespace data file: "ibtmp1"
2026-09-24 10:33:04 0 [Note] InnoDB: Creating shared tablespace for temporary tables
2026-09-24 10:33:04 0 [Note] InnoDB: Setting file 'C:\xampp\mysql\data\ibtmp1' size to 12 MB. Physically writing the file full; Please wait ...
2026-09-24 10:33:04 0 [Note] InnoDB: File 'C:\xampp\mysql\data\ibtmp1' size is now 12 MB.
2026-09-24 10:33:04 0 [Note] InnoDB: Waiting for purge to start
2026-09-24 10:33:04 0 [Note] InnoDB: 10.4.32 started; log sequence number 300297; transaction id 170
2026-09-24 10:33:04 0 [Note] InnoDB: Loading buffer pool(s) from C:\xampp\mysql\data\ib_buffer_pool
2026-09-24 10:33:04 0 [Note] Plugin 'FEEDBACK' is disabled.
2026-09-24 10:33:04 0 [Note] InnoDB: Buffer pool(s) load completed at 260924 10:33:04
2026-09-24 10:33:04 0 [Note] Server socket created on IP: '::'.
2026-09-24 13:42:57 0 [Note] Starting MariaDB 10.4.32-MariaDB source revision c4143f909528e3fab0677a28631d10389354c491 as process 18032
2026-09-24 13:42:57 0 [Note] InnoDB: Mutexes and rw_locks use Windows interlocked functions
2026-09-24 13:42:57 0 [Note] InnoDB: Uses event mutexes
2026-09-24 13:42:57 0 [Note] InnoDB: Compressed tables use zlib 1.3
2026-09-24 13:42:57 0 [Note] InnoDB: Number of pools: 1
2026-09-24 13:42:57 0 [Note] InnoDB: Using SSE2 crc32 instructions
2026-09-24 13:42:57 0 [Note] InnoDB: Initializing buffer pool, total size = 16M, instances = 1, chunk size = 16M
2026-09-24 13:42:57 0 [Note] InnoDB: Completed initialization of buffer pool
2026-09-24 13:42:57 0 [Note] InnoDB: Starting crash recovery from checkpoint LSN=3436011
2026-09-24 13:42:58 0 [Note] InnoDB: 128 out of 128 rollback segments are active.
2026-09-24 13:42:58 0 [Note] InnoDB: Removed temporary tablespace data file: "ibtmp1"
2026-09-24 13:42:58 0 [Note] InnoDB: Creating shared tablespace for temporary tables
2026-09-24 13:42:58 0 [Note] InnoDB: Setting file 'C:\xampp\mysql\data\ibtmp1' size to 12 MB. Physically writing the file full; Please wait ...
2026-09-24 13:42:58 0 [Note] InnoDB: File 'C:\xampp\mysql\data\ibtmp1' size is now 12 MB.
2026-09-24 13:42:58 0 [Note] InnoDB: Waiting for purge to start
2026-09-24 13:42:58 0 [Note] InnoDB: 10.4.32 started; log sequence number 3436020; transaction id 2911
2026-09-24 13:42:58 0 [Note] InnoDB: Loading buffer pool(s) from C:\xampp\mysql\data\ib_buffer_pool
2026-09-24 13:42:58 0 [Note] Plugin 'FEEDBACK' is disabled.
2026-09-24 13:42:58 0 [Note] InnoDB: Buffer pool(s) load completed at 260924 13:42:58
2026-09-24 13:42:58 0 [Note] Server socket created on IP: '::'.
2026-09-25 23:32:10 0 [Note] Starting MariaDB 10.4.32-MariaDB source revision c4143f909528e3fab0677a28631d10389354c491 as process 8792
2026-09-25 23:32:10 0 [Note] InnoDB: Mutexes and rw_locks use Windows interlocked functions
2026-09-25 23:32:10 0 [Note] InnoDB: Uses event mutexes
2026-09-25 23:32:10 0 [Note] InnoDB: Compressed tables use zlib 1.3
2026-09-25 23:32:10 0 [Note] InnoDB: Number of pools: 1
2026-09-25 23:32:10 0 [Note] InnoDB: Using SSE2 crc32 instructions
2026-09-25 23:32:10 0 [Note] InnoDB: Initializing buffer pool, total size = 16M, instances = 1, chunk size = 16M
2026-09-25 23:32:10 0 [Note] InnoDB: Completed initialization of buffer pool
2026-09-25 23:32:10 0 [Note] InnoDB: Starting crash recovery from checkpoint LSN=3442396
2026-09-25 23:32:11 0 [Note] InnoDB: 128 out of 128 rollback segments are active.
2026-09-25 23:32:11 0 [Note] InnoDB: Removed temporary tablespace data file: "ibtmp1"
2026-09-25 23:32:11 0 [Note] InnoDB: Creating shared tablespace for temporary tables
2026-09-25 23:32:11 0 [Note] InnoDB: Setting file 'C:\xampp\mysql\data\ibtmp1' size to 12 MB. Physically writing the file full; Please wait ...
2026-09-25 23:32:11 0 [Note] InnoDB: File 'C:\xampp\mysql\data\ibtmp1' size is now 12 MB.
2026-09-25 23:32:11 0 [Note] InnoDB: Waiting for purge to start
2026-09-25 23:32:11 0 [Note] InnoDB: 10.4.32 started; log sequence number 3442405; transaction id 2922
2026-09-25 23:32:11 0 [Note] InnoDB: Loading buffer pool(s) from C:\xampp\mysql\data\ib_buffer_pool
2026-09-25 23:32:11 0 [Note] Plugin 'FEEDBACK' is disabled.
2026-09-25 23:32:11 0 [Note] InnoDB: Buffer pool(s) load completed at 260925 23:32:11
2026-09-25 23:32:11 0 [Note] Server socket created on IP: '::'.
2026-09-26 22:01:32 0 [Note] Starting MariaDB 10.4.32-MariaDB source revision c4143f909528e3fab0677a28631d10389354c491 as process 20144
Cannot find checkpoint record at LSN (1,0x5556)
2026-09-26 22:01:32 0 [ERROR] mysqld.exe: Aria recovery failed. Please run aria_chk -r on all Aria tables and delete all aria_log.######## files
2026-09-26 22:01:32 0 [ERROR] Plugin 'Aria' registration as a STORAGE ENGINE failed.
2026-09-26 22:01:32 0 [Note] InnoDB: Mutexes and rw_locks use Windows interlocked functions
2026-09-26 22:01:32 0 [Note] InnoDB: Uses event mutexes
2026-09-26 22:01:32 0 [Note] InnoDB: Compressed tables use zlib 1.3
2026-09-26 22:01:32 0 [Note] InnoDB: Number of pools: 1
2026-09-26 22:01:32 0 [Note] InnoDB: Using SSE2 crc32 instructions
2026-09-26 22:01:32 0 [Note] InnoDB: Initializing buffer pool, total size = 16M, instances = 1, chunk size = 16M
2026-09-26 22:01:32 0 [Note] InnoDB: Completed initialization of buffer pool
2026-09-26 22:01:32 0 [Note] InnoDB: Starting crash recovery from checkpoint LSN=15392710
2026-09-26 22:01:33 0 [Note] InnoDB: 128 out of 128 rollback segments are active.
2026-09-26 22:01:33 0 [Note] InnoDB: Removed temporary tablespace data file: "ibtmp1"
2026-09-26 22:01:33 0 [Note] InnoDB: Creating shared tablespace for temporary tables
2026-09-26 22:01:33 0 [Note] InnoDB: Setting file 'C:\xampp\mysql\data\ibtmp1' size to 12 MB. Physically writing the file full; Please wait ...
2026-09-26 22:01:33 0 [Note] InnoDB: File 'C:\xampp\mysql\data\ibtmp1' size is now 12 MB.
2026-09-26 22:01:33 0 [Note] InnoDB: Waiting for purge to start
2026-09-26 22:01:33 0 [Note] InnoDB: 10.4.32 started; log sequence number 15392719; transaction id 11601
2026-09-26 22:01:33 0 [Note] InnoDB: Loading buffer pool(s) from C:\xampp\mysql\data\ib_buffer_pool
2026-09-26 22:01:33 0 [Note] Plugin 'FEEDBACK' is disabled.
2026-09-26 22:01:33 0 [ERROR] Could not open mysql.plugin table. Some plugins may be not loaded
2026-09-26 22:01:33 0 [ERROR] Failed to initialize plugins.
2026-09-26 22:01:33 0 [ERROR] Aborting
2026-09-26 22:01:38 0 [Note] Starting MariaDB 10.4.32-MariaDB source revision c4143f909528e3fab0677a28631d10389354c491 as process 19600
Cannot find checkpoint record at LSN (1,0x5556)
2026-09-26 22:01:38 0 [ERROR] mysqld.exe: Aria recovery failed. Please run aria_chk -r on all Aria tables and delete all aria_log.######## files
2026-09-26 22:01:38 0 [ERROR] Plugin 'Aria' registration as a STORAGE ENGINE failed.
2026-09-26 22:01:38 0 [Note] InnoDB: Mutexes and rw_locks use Windows interlocked functions
2026-09-26 22:01:38 0 [Note] InnoDB: Uses event mutexes
2026-09-26 22:01:38 0 [Note] InnoDB: Compressed tables use zlib 1.3
2026-09-26 22:01:38 0 [Note] InnoDB: Number of pools: 1
2026-09-26 22:01:38 0 [Note] InnoDB: Using SSE2 crc32 instructions
2026-09-26 22:01:38 0 [Note] InnoDB: Initializing buffer pool, total size = 16M, instances = 1, chunk size = 16M
2026-09-26 22:01:38 0 [Note] InnoDB: Completed initialization of buffer pool
2026-09-26 22:01:38 0 [Note] InnoDB: 128 out of 128 rollback segments are active.
2026-09-26 22:01:38 0 [Note] InnoDB: Creating shared tablespace for temporary tables
2026-09-26 22:01:38 0 [Note] InnoDB: Setting file 'C:\xampp\mysql\data\ibtmp1' size to 12 MB. Physically writing the file full; Please wait ...
2026-09-26 22:01:38 0 [Note] InnoDB: File 'C:\xampp\mysql\data\ibtmp1' size is now 12 MB.
2026-09-26 22:01:38 0 [Note] InnoDB: Waiting for purge to start
2026-09-26 22:01:38 0 [Note] InnoDB: 10.4.32 started; log sequence number 15392728; transaction id 11601
2026-09-26 22:01:38 0 [Note] InnoDB: Loading buffer pool(s) from C:\xampp\mysql\data\ib_buffer_pool
2026-09-26 22:01:38 0 [Note] Plugin 'FEEDBACK' is disabled.
2026-09-26 22:01:38 0 [Note] InnoDB: Buffer pool(s) load completed at 260926 22:01:38
2026-09-26 22:01:38 0 [ERROR] Could not open mysql.plugin table. Some plugins may be not loaded
2026-09-26 22:01:38 0 [ERROR] Failed to initialize plugins.
2026-09-26 22:01:38 0 [ERROR] Aborting
2026-09-26 22:01:50 0 [Note] Starting MariaDB 10.4.32-MariaDB source revision c4143f909528e3fab0677a28631d10389354c491 as process 5096
Cannot find checkpoint record at LSN (1,0x5556)
2026-09-26 22:01:50 0 [ERROR] mysqld.exe: Aria recovery failed. Please run aria_chk -r on all Aria tables and delete all aria_log.######## files
2026-09-26 22:01:50 0 [ERROR] Plugin 'Aria' registration as a STORAGE ENGINE failed.
2026-09-26 22:01:50 0 [Note] InnoDB: Mutexes and rw_locks use Windows interlocked functions
2026-09-26 22:01:50 0 [Note] InnoDB: Uses event mutexes
2026-09-26 22:01:50 0 [Note] InnoDB: Compressed tables use zlib 1.3
2026-09-26 22:01:50 0 [Note] InnoDB: Number of pools: 1
2026-09-26 22:01:50 0 [Note] InnoDB: Using SSE2 crc32 instructions
2026-09-26 22:01:50 0 [Note] InnoDB: Initializing buffer pool, total size = 16M, instances = 1, chunk size = 16M
2026-09-26 22:01:50 0 [Note] InnoDB: Completed initialization of buffer pool
2026-09-26 22:01:50 0 [Note] InnoDB: 128 out of 128 rollback segments are active.
2026-09-26 22:01:50 0 [Note] InnoDB: Creating shared tablespace for temporary tables
2026-09-26 22:01:50 0 [Note] InnoDB: Setting file 'C:\xampp\mysql\data\ibtmp1' size to 12 MB. Physically writing the file full; Please wait ...
2026-09-26 22:01:50 0 [Note] InnoDB: File 'C:\xampp\mysql\data\ibtmp1' size is now 12 MB.
2026-09-26 22:01:50 0 [Note] InnoDB: Waiting for purge to start
2026-09-26 22:01:51 0 [Note] InnoDB: 10.4.32 started; log sequence number 15392737; transaction id 11601
2026-09-26 22:01:51 0 [Note] InnoDB: Loading buffer pool(s) from C:\xampp\mysql\data\ib_buffer_pool
2026-09-26 22:01:51 0 [Note] Plugin 'FEEDBACK' is disabled.
2026-09-26 22:01:51 0 [Note] InnoDB: Buffer pool(s) load completed at 260926 22:01:51
2026-09-26 22:01:51 0 [ERROR] Could not open mysql.plugin table. Some plugins may be not loaded
2026-09-26 22:01:51 0 [ERROR] Failed to initialize plugins.
2026-09-26 22:01:51 0 [ERROR] Aborting
2026-09-26 22:03:12 0 [Note] Starting MariaDB 10.4.32-MariaDB source revision c4143f909528e3fab0677a28631d10389354c491 as process 19116
Cannot find checkpoint record at LSN (1,0x5556)
2026-09-26 22:03:12 0 [ERROR] mysqld.exe: Aria recovery failed. Please run aria_chk -r on all Aria tables and delete all aria_log.######## files
2026-09-26 22:03:12 0 [ERROR] Plugin 'Aria' registration as a STORAGE ENGINE failed.
2026-09-26 22:03:12 0 [Note] InnoDB: Mutexes and rw_locks use Windows interlocked functions
2026-09-26 22:03:12 0 [Note] InnoDB: Uses event mutexes
2026-09-26 22:03:12 0 [Note] InnoDB: Compressed tables use zlib 1.3
2026-09-26 22:03:12 0 [Note] InnoDB: Number of pools: 1
2026-09-26 22:03:12 0 [Note] InnoDB: Using SSE2 crc32 instructions
2026-09-26 22:03:12 0 [Note] InnoDB: Initializing buffer pool, total size = 16M, instances = 1, chunk size = 16M
2026-09-26 22:03:12 0 [Note] InnoDB: Completed initialization of buffer pool
2026-09-26 22:03:13 0 [Note] InnoDB: 128 out of 128 rollback segments are active.
2026-09-26 22:03:13 0 [Note] InnoDB: Creating shared tablespace for temporary tables
2026-09-26 22:03:13 0 [Note] InnoDB: Setting file 'C:\xampp\mysql\data\ibtmp1' size to 12 MB. Physically writing the file full; Please wait ...
2026-09-26 22:03:13 0 [Note] InnoDB: File 'C:\xampp\mysql\data\ibtmp1' size is now 12 MB.
2026-09-26 22:03:13 0 [Note] InnoDB: Waiting for purge to start
2026-09-26 22:03:13 0 [Note] InnoDB: 10.4.32 started; log sequence number 15392746; transaction id 11601
2026-09-26 22:03:13 0 [Note] InnoDB: Loading buffer pool(s) from C:\xampp\mysql\data\ib_buffer_pool
2026-09-26 22:03:13 0 [Note] Plugin 'FEEDBACK' is disabled.
2026-09-26 22:03:13 0 [ERROR] Could not open mysql.plugin table. Some plugins may be not loaded
2026-09-26 22:03:13 0 [ERROR] Failed to initialize plugins.
2026-09-26 22:03:13 0 [ERROR] Aborting
2026-09-26 22:06:37 0 [Note] Starting MariaDB 10.4.32-MariaDB source revision c4143f909528e3fab0677a28631d10389354c491 as process 15524
Cannot find checkpoint record at LSN (1,0x5556)
2026-09-26 22:06:38 0 [ERROR] mysqld.exe: Aria recovery failed. Please run aria_chk -r on all Aria tables and delete all aria_log.######## files
2026-09-26 22:06:38 0 [ERROR] Plugin 'Aria' registration as a STORAGE ENGINE failed.
2026-09-26 22:06:38 0 [Note] InnoDB: Mutexes and rw_locks use Windows interlocked functions
2026-09-26 22:06:38 0 [Note] InnoDB: Uses event mutexes
2026-09-26 22:06:38 0 [Note] InnoDB: Compressed tables use zlib 1.3
2026-09-26 22:06:38 0 [Note] InnoDB: Number of pools: 1
2026-09-26 22:06:38 0 [Note] InnoDB: Using SSE2 crc32 instructions
2026-09-26 22:06:38 0 [Note] InnoDB: Initializing buffer pool, total size = 16M, instances = 1, chunk size = 16M
2026-09-26 22:06:38 0 [Note] InnoDB: Completed initialization of buffer pool
2026-09-26 22:06:38 0 [Note] InnoDB: 128 out of 128 rollback segments are active.
2026-09-26 22:06:38 0 [Note] InnoDB: Creating shared tablespace for temporary tables
2026-09-26 22:06:38 0 [Note] InnoDB: Setting file 'C:\xampp\mysql\data\ibtmp1' size to 12 MB. Physically writing the file full; Please wait ...
2026-09-26 22:06:38 0 [Note] InnoDB: File 'C:\xampp\mysql\data\ibtmp1' size is now 12 MB.
2026-09-26 22:06:38 0 [Note] InnoDB: Waiting for purge to start
2026-09-26 22:06:38 0 [Note] InnoDB: 10.4.32 started; log sequence number 15392755; transaction id 11601
2026-09-26 22:06:38 0 [Note] InnoDB: Loading buffer pool(s) from C:\xampp\mysql\data\ib_buffer_pool
2026-09-26 22:06:38 0 [Note] Plugin 'FEEDBACK' is disabled.
2026-09-26 22:06:38 0 [Note] InnoDB: Buffer pool(s) load completed at 260926 22:06:38
2026-09-26 22:06:38 0 [ERROR] Could not open mysql.plugin table. Some plugins may be not loaded
2026-09-26 22:06:38 0 [ERROR] Failed to initialize plugins.
2026-09-26 22:06:38 0 [ERROR] Aborting
2026-09-26 22:11:19 0 [Note] Starting MariaDB 10.4.32-MariaDB source revision c4143f909528e3fab0677a28631d10389354c491 as process 20080
2026-09-26 22:11:19 0 [ERROR] mysqld.exe: File 'C:\xampp\mysql\data\aria_log.00000001' not found (Errcode: 2 "No such file or directory")
2026-09-26 22:11:20 0 [Note] InnoDB: Mutexes and rw_locks use Windows interlocked functions
2026-09-26 22:11:20 0 [Note] InnoDB: Uses event mutexes
2026-09-26 22:11:20 0 [Note] InnoDB: Compressed tables use zlib 1.3
2026-09-26 22:11:20 0 [Note] InnoDB: Number of pools: 1
2026-09-26 22:11:20 0 [Note] InnoDB: Using SSE2 crc32 instructions
2026-09-26 22:11:20 0 [Note] InnoDB: Initializing buffer pool, total size = 16M, instances = 1, chunk size = 16M
2026-09-26 22:11:20 0 [Note] InnoDB: Completed initialization of buffer pool
2026-09-26 22:11:20 0 [Note] InnoDB: 128 out of 128 rollback segments are active.
2026-09-26 22:11:20 0 [Note] InnoDB: Creating shared tablespace for temporary tables
2026-09-26 22:11:20 0 [Note] InnoDB: Setting file 'C:\xampp\mysql\data\ibtmp1' size to 12 MB. Physically writing the file full; Please wait ...
2026-09-26 22:11:20 0 [Note] InnoDB: File 'C:\xampp\mysql\data\ibtmp1' size is now 12 MB.
2026-09-26 22:11:20 0 [Note] InnoDB: Waiting for purge to start
2026-09-26 22:11:20 0 [Note] InnoDB: 10.4.32 started; log sequence number 15392780; transaction id 11601
2026-09-26 22:11:20 0 [Note] InnoDB: Loading buffer pool(s) from C:\xampp\mysql\data\ib_buffer_pool
2026-09-26 22:11:20 0 [Note] Plugin 'FEEDBACK' is disabled.
2026-09-26 22:11:20 0 [Note] InnoDB: Buffer pool(s) load completed at 260926 22:11:20
2026-09-26 22:11:20 0 [Note] Server socket created on IP: '::'.
2026-10-02 15:27:28 0 [Note] Starting MariaDB 10.4.32-MariaDB source revision c4143f909528e3fab0677a28631d10389354c491 as process 9628
2026-10-02 15:27:28 0 [ERROR] mysqld.exe: File 'C:\xampp\mysql\data\aria_log.00000001' not found (Errcode: 2 "No such file or directory")
2026-10-02 15:27:28 0 [ERROR] mysqld.exe: Aria engine: log initialization failed
2026-10-02 15:27:28 0 [ERROR] Plugin 'Aria' registration as a STORAGE ENGINE failed.
2026-10-02 15:27:28 0 [Note] InnoDB: Mutexes and rw_locks use Windows interlocked functions
2026-10-02 15:27:28 0 [Note] InnoDB: Uses event mutexes
2026-10-02 15:27:28 0 [Note] InnoDB: Compressed tables use zlib 1.3
2026-10-02 15:27:28 0 [Note] InnoDB: Number of pools: 1
2026-10-02 15:27:28 0 [Note] InnoDB: Using SSE2 crc32 instructions
2026-10-02 15:27:28 0 [Note] InnoDB: Initializing buffer pool, total size = 16M, instances = 1, chunk size = 16M
2026-10-02 15:27:28 0 [Note] InnoDB: Completed initialization of buffer pool
2026-10-02 15:27:28 0 [Note] InnoDB: Starting crash recovery from checkpoint LSN=16606776
2026-10-02 15:27:30 0 [Note] InnoDB: 128 out of 128 rollback segments are active.
2026-10-02 15:27:30 0 [Note] InnoDB: Removed temporary tablespace data file: "ibtmp1"
2026-10-02 15:27:30 0 [Note] InnoDB: Creating shared tablespace for temporary tables
2026-10-02 15:27:30 0 [Note] InnoDB: Setting file 'C:\xampp\mysql\data\ibtmp1' size to 12 MB. Physically writing the file full; Please wait ...
2026-10-02 15:27:30 0 [Note] InnoDB: File 'C:\xampp\mysql\data\ibtmp1' size is now 12 MB.
2026-10-02 15:27:30 0 [Note] InnoDB: Waiting for purge to start
2026-10-02 15:27:30 0 [Note] InnoDB: 10.4.32 started; log sequence number 16606785; transaction id 12869
2026-10-02 15:27:30 0 [Note] Plugin 'FEEDBACK' is disabled.
2026-10-02 15:27:30 0 [Note] InnoDB: Loading buffer pool(s) from C:\xampp\mysql\data\ib_buffer_pool
2026-10-02 15:27:30 0 [ERROR] Could not open mysql.plugin table. Some plugins may be not loaded
2026-10-02 15:27:30 0 [ERROR] Failed to initialize plugins.
2026-10-02 15:27:30 0 [ERROR] Aborting
2026-10-02 15:29:01 0 [Note] Starting MariaDB 10.4.32-MariaDB source revision c4143f909528e3fab0677a28631d10389354c491 as process 4908
2026-10-02 15:29:01 0 [ERROR] mysqld.exe: File 'C:\xampp\mysql\data\aria_log.00000001' not found (Errcode: 2 "No such file or directory")
2026-10-02 15:29:01 0 [ERROR] mysqld.exe: Aria engine: log initialization failed
2026-10-02 15:29:01 0 [ERROR] Plugin 'Aria' registration as a STORAGE ENGINE failed.
2026-10-02 15:29:01 0 [Note] InnoDB: Mutexes and rw_locks use Windows interlocked functions
2026-10-02 15:29:01 0 [Note] InnoDB: Uses event mutexes
2026-10-02 15:29:01 0 [Note] InnoDB: Compressed tables use zlib 1.3
2026-10-02 15:29:01 0 [Note] InnoDB: Number of pools: 1
2026-10-02 15:29:01 0 [Note] InnoDB: Using SSE2 crc32 instructions
2026-10-02 15:29:01 0 [Note] InnoDB: Initializing buffer pool, total size = 16M, instances = 1, chunk size = 16M
2026-10-02 15:29:01 0 [Note] InnoDB: Completed initialization of buffer pool
2026-10-02 15:29:01 0 [Note] InnoDB: 128 out of 128 rollback segments are active.
2026-10-02 15:29:01 0 [Note] InnoDB: Creating shared tablespace for temporary tables
2026-10-02 15:29:01 0 [Note] InnoDB: Setting file 'C:\xampp\mysql\data\ibtmp1' size to 12 MB. Physically writing the file full; Please wait ...
2026-10-02 15:29:01 0 [Note] InnoDB: File 'C:\xampp\mysql\data\ibtmp1' size is now 12 MB.
2026-10-02 15:29:01 0 [Note] InnoDB: Waiting for purge to start
2026-10-02 15:29:01 0 [Note] InnoDB: 10.4.32 started; log sequence number 16606794; transaction id 12869
2026-10-02 15:29:01 0 [Note] InnoDB: Loading buffer pool(s) from C:\xampp\mysql\data\ib_buffer_pool
2026-10-02 15:29:01 0 [Note] Plugin 'FEEDBACK' is disabled.
2026-10-02 15:29:01 0 [Note] InnoDB: Buffer pool(s) load completed at 261002 15:29:01
2026-10-02 15:29:01 0 [ERROR] Could not open mysql.plugin table. Some plugins may be not loaded
2026-10-02 15:29:01 0 [ERROR] Failed to initialize plugins.
2026-10-02 15:29:01 0 [ERROR] Aborting
2026-10-02 15:29:42 0 [Note] Starting MariaDB 10.4.32-MariaDB source revision c4143f909528e3fab0677a28631d10389354c491 as process 17800
2026-10-02 15:29:42 0 [ERROR] mysqld.exe: File 'C:\xampp\mysql\data\aria_log.00000001' not found (Errcode: 2 "No such file or directory")
2026-10-02 15:29:42 0 [ERROR] mysqld.exe: Aria engine: log initialization failed
2026-10-02 15:29:42 0 [ERROR] Plugin 'Aria' registration as a STORAGE ENGINE failed.
2026-10-02 15:29:42 0 [Note] InnoDB: Mutexes and rw_locks use Windows interlocked functions
2026-10-02 15:29:42 0 [Note] InnoDB: Uses event mutexes
2026-10-02 15:29:42 0 [Note] InnoDB: Compressed tables use zlib 1.3
2026-10-02 15:29:42 0 [Note] InnoDB: Number of pools: 1
2026-10-02 15:29:42 0 [Note] InnoDB: Using SSE2 crc32 instructions
2026-10-02 15:29:42 0 [Note] InnoDB: Initializing buffer pool, total size = 16M, instances = 1, chunk size = 16M
2026-10-02 15:29:42 0 [Note] InnoDB: Completed initialization of buffer pool
2026-10-02 15:29:42 0 [Note] InnoDB: 128 out of 128 rollback segments are active.
2026-10-02 15:29:42 0 [Note] InnoDB: Creating shared tablespace for temporary tables
2026-10-02 15:29:42 0 [Note] InnoDB: Setting file 'C:\xampp\mysql\data\ibtmp1' size to 12 MB. Physically writing the file full; Please wait ...
2026-10-02 15:29:42 0 [Note] InnoDB: File 'C:\xampp\mysql\data\ibtmp1' size is now 12 MB.
2026-10-02 15:29:42 0 [Note] InnoDB: Waiting for purge to start
2026-10-02 15:29:42 0 [Note] InnoDB: 10.4.32 started; log sequence number 16606803; transaction id 12869
2026-10-02 15:29:42 0 [Note] InnoDB: Loading buffer pool(s) from C:\xampp\mysql\data\ib_buffer_pool
2026-10-02 15:29:42 0 [Note] Plugin 'FEEDBACK' is disabled.
2026-10-02 15:29:42 0 [Note] InnoDB: Buffer pool(s) load completed at 261002 15:29:42
2026-10-02 15:29:42 0 [ERROR] Could not open mysql.plugin table. Some plugins may be not loaded
2026-10-02 15:29:42 0 [ERROR] Failed to initialize plugins.
2026-10-02 15:29:42 0 [ERROR] Aborting
2026-10-02 15:30:55 0 [Note] Starting MariaDB 10.4.32-MariaDB source revision c4143f909528e3fab0677a28631d10389354c491 as process 24348
2026-10-02 15:30:55 0 [ERROR] mysqld.exe: File 'C:\xampp\mysql\data\aria_log.00000002' not found (Errcode: 2 "No such file or directory")
2026-10-02 15:30:55 0 [Note] InnoDB: Mutexes and rw_locks use Windows interlocked functions
2026-10-02 15:30:55 0 [Note] InnoDB: Uses event mutexes
2026-10-02 15:30:55 0 [Note] InnoDB: Compressed tables use zlib 1.3
2026-10-02 15:30:55 0 [Note] InnoDB: Number of pools: 1
2026-10-02 15:30:55 0 [Note] InnoDB: Using SSE2 crc32 instructions
2026-10-02 15:30:55 0 [Note] InnoDB: Initializing buffer pool, total size = 16M, instances = 1, chunk size = 16M
2026-10-02 15:30:55 0 [Note] InnoDB: Completed initialization of buffer pool
2026-10-02 15:30:56 0 [Note] InnoDB: 128 out of 128 rollback segments are active.
2026-10-02 15:30:56 0 [Note] InnoDB: Creating shared tablespace for temporary tables
2026-10-02 15:30:56 0 [Note] InnoDB: Setting file 'C:\xampp\mysql\data\ibtmp1' size to 12 MB. Physically writing the file full; Please wait ...
2026-10-02 15:30:56 0 [Note] InnoDB: File 'C:\xampp\mysql\data\ibtmp1' size is now 12 MB.
2026-10-02 15:30:56 0 [Note] InnoDB: Waiting for purge to start
2026-10-02 15:30:56 0 [Note] InnoDB: 10.4.32 started; log sequence number 16606812; transaction id 12869
2026-10-02 15:30:56 0 [Note] InnoDB: Loading buffer pool(s) from C:\xampp\mysql\data\ib_buffer_pool
2026-10-02 15:30:56 0 [Note] Plugin 'FEEDBACK' is disabled.
2026-10-02 15:30:56 0 [Note] InnoDB: Buffer pool(s) load completed at 261002 15:30:56
2026-10-02 15:30:56 0 [Note] Server socket created on IP: '::'.
2026-10-04  3:06:03 0 [Note] Starting MariaDB 10.4.32-MariaDB source revision c4143f909528e3fab0677a28631d10389354c491 as process 30528
2026-10-04  3:06:03 0 [Note] InnoDB: Mutexes and rw_locks use Windows interlocked functions
2026-10-04  3:06:03 0 [Note] InnoDB: Uses event mutexes
2026-10-04  3:06:03 0 [Note] InnoDB: Compressed tables use zlib 1.3
2026-10-04  3:06:03 0 [Note] InnoDB: Number of pools: 1
2026-10-04  3:06:03 0 [Note] InnoDB: Using SSE2 crc32 instructions
2026-10-04  3:06:03 0 [Note] InnoDB: Initializing buffer pool, total size = 16M, instances = 1, chunk size = 16M
2026-10-04  3:06:03 0 [Note] InnoDB: Completed initialization of buffer pool
2026-10-04  3:06:03 0 [Note] InnoDB: Starting crash recovery from checkpoint LSN=43975102
2026-10-04  3:06:05 0 [Note] InnoDB: 128 out of 128 rollback segments are active.
2026-10-04  3:06:05 0 [Note] InnoDB: Removed temporary tablespace data file: "ibtmp1"
2026-10-04  3:06:05 0 [Note] InnoDB: Creating shared tablespace for temporary tables
2026-10-04  3:06:05 0 [Note] InnoDB: Setting file 'C:\xampp\mysql\data\ibtmp1' size to 12 MB. Physically writing the file full; Please wait ...
2026-10-04  3:06:05 0 [Note] InnoDB: File 'C:\xampp\mysql\data\ibtmp1' size is now 12 MB.
2026-10-04  3:06:05 0 [Note] InnoDB: Waiting for purge to start
2026-10-04  3:06:05 0 [Note] InnoDB: 10.4.32 started; log sequence number 43975111; transaction id 29550
2026-10-04  3:06:05 0 [Note] InnoDB: Loading buffer pool(s) from C:\xampp\mysql\data\ib_buffer_pool
2026-10-04  3:06:05 0 [Note] Plugin 'FEEDBACK' is disabled.
2026-10-04  3:06:05 0 [Note] InnoDB: Buffer pool(s) load completed at 261004  3:06:05
2026-10-04  3:06:05 0 [Note] Server socket created on IP: '::'.
2026-10-04 23:06:24 0 [Note] Starting MariaDB 10.4.32-MariaDB source revision c4143f909528e3fab0677a28631d10389354c491 as process 4552
2026-10-04 23:06:24 0 [Note] InnoDB: Mutexes and rw_locks use Windows interlocked functions
2026-10-04 23:06:24 0 [Note] InnoDB: Uses event mutexes
2026-10-04 23:06:24 0 [Note] InnoDB: Compressed tables use zlib 1.3
2026-10-04 23:06:24 0 [Note] InnoDB: Number of pools: 1
2026-10-04 23:06:24 0 [Note] InnoDB: Using SSE2 crc32 instructions
2026-10-04 23:06:24 0 [Note] InnoDB: Initializing buffer pool, total size = 16M, instances = 1, chunk size = 16M
2026-10-04 23:06:24 0 [Note] InnoDB: Completed initialization of buffer pool
2026-10-04 23:06:24 0 [Note] InnoDB: Starting crash recovery from checkpoint LSN=46812051
2026-10-04 23:06:25 0 [Note] InnoDB: 128 out of 128 rollback segments are active.
2026-10-04 23:06:25 0 [Note] InnoDB: Removed temporary tablespace data file: "ibtmp1"
2026-10-04 23:06:25 0 [Note] InnoDB: Creating shared tablespace for temporary tables
2026-10-04 23:06:25 0 [Note] InnoDB: Setting file 'C:\xampp\mysql\data\ibtmp1' size to 12 MB. Physically writing the file full; Please wait ...
2026-10-04 23:06:25 0 [Note] InnoDB: File 'C:\xampp\mysql\data\ibtmp1' size is now 12 MB.
2026-10-04 23:06:25 0 [Note] InnoDB: Waiting for purge to start
2026-10-04 23:06:25 0 [Note] InnoDB: 10.4.32 started; log sequence number 46812060; transaction id 31490
2026-10-04 23:06:25 0 [Note] InnoDB: Loading buffer pool(s) from C:\xampp\mysql\data\ib_buffer_pool
2026-10-04 23:06:25 0 [Note] Plugin 'FEEDBACK' is disabled.
2026-10-04 23:06:25 0 [Note] InnoDB: Buffer pool(s) load completed at 261004 23:06:25
2026-10-04 23:06:25 0 [Note] Server socket created on IP: '::'.
2026-10-06  8:40:55 0 [Note] Starting MariaDB 10.4.32-MariaDB source revision c4143f909528e3fab0677a28631d10389354c491 as process 19600
2026-10-06  8:40:55 0 [Note] InnoDB: Mutexes and rw_locks use Windows interlocked functions
2026-10-06  8:40:55 0 [Note] InnoDB: Uses event mutexes
2026-10-06  8:40:55 0 [Note] InnoDB: Compressed tables use zlib 1.3
2026-10-06  8:40:55 0 [Note] InnoDB: Number of pools: 1
2026-10-06  8:40:55 0 [Note] InnoDB: Using SSE2 crc32 instructions
2026-10-06  8:40:55 0 [Note] InnoDB: Initializing buffer pool, total size = 16M, instances = 1, chunk size = 16M
2026-10-06  8:40:55 0 [Note] InnoDB: Completed initialization of buffer pool
2026-10-06  8:40:55 0 [ERROR] InnoDB: Missing MLOG_CHECKPOINT at 72692254 between the checkpoint 72692254 and the end 72692224.
2026-10-06  8:40:55 0 [ERROR] InnoDB: Plugin initialization aborted with error Generic error
2026-10-06  8:40:55 0 [Note] InnoDB: Starting shutdown...
2026-10-06  8:40:55 0 [ERROR] Plugin 'InnoDB' registration as a STORAGE ENGINE failed.
2026-10-06  8:40:55 0 [Note] Plugin 'FEEDBACK' is disabled.
2026-10-06  8:40:55 0 [ERROR] Unknown/unsupported storage engine: InnoDB
2026-10-06  8:40:55 0 [ERROR] Aborting
2026-10-06  8:40:58 0 [Note] Starting MariaDB 10.4.32-MariaDB source revision c4143f909528e3fab0677a28631d10389354c491 as process 33012
2026-10-06  8:40:58 0 [Note] InnoDB: Mutexes and rw_locks use Windows interlocked functions
2026-10-06  8:40:58 0 [Note] InnoDB: Uses event mutexes
2026-10-06  8:40:58 0 [Note] InnoDB: Compressed tables use zlib 1.3
2026-10-06  8:40:58 0 [Note] InnoDB: Number of pools: 1
2026-10-06  8:40:58 0 [Note] InnoDB: Using SSE2 crc32 instructions
2026-10-06  8:40:58 0 [Note] InnoDB: Initializing buffer pool, total size = 16M, instances = 1, chunk size = 16M
2026-10-06  8:40:58 0 [Note] InnoDB: Completed initialization of buffer pool
2026-10-06  8:40:59 0 [ERROR] InnoDB: Missing MLOG_CHECKPOINT at 72692254 between the checkpoint 72692254 and the end 72692224.
2026-10-06  8:40:59 0 [ERROR] InnoDB: Plugin initialization aborted with error Generic error
2026-10-06  8:40:59 0 [Note] InnoDB: Starting shutdown...
2026-10-06  8:40:59 0 [ERROR] Plugin 'InnoDB' registration as a STORAGE ENGINE failed.
2026-10-06  8:40:59 0 [Note] Plugin 'FEEDBACK' is disabled.
2026-10-06  8:40:59 0 [ERROR] Unknown/unsupported storage engine: InnoDB
2026-10-06  8:40:59 0 [ERROR] Aborting
2026-10-06  8:41:28 0 [Note] Starting MariaDB 10.4.32-MariaDB source revision c4143f909528e3fab0677a28631d10389354c491 as process 4600
2026-10-06  8:41:28 0 [Note] InnoDB: Mutexes and rw_locks use Windows interlocked functions
2026-10-06  8:41:28 0 [Note] InnoDB: Uses event mutexes
2026-10-06  8:41:28 0 [Note] InnoDB: Compressed tables use zlib 1.3
2026-10-06  8:41:28 0 [Note] InnoDB: Number of pools: 1
2026-10-06  8:41:28 0 [Note] InnoDB: Using SSE2 crc32 instructions
2026-10-06  8:41:28 0 [Note] InnoDB: Initializing buffer pool, total size = 16M, instances = 1, chunk size = 16M
2026-10-06  8:41:28 0 [Note] InnoDB: Completed initialization of buffer pool
2026-10-06  8:41:28 0 [ERROR] InnoDB: Missing MLOG_CHECKPOINT at 72692254 between the checkpoint 72692254 and the end 72692224.
2026-10-06  8:41:28 0 [ERROR] InnoDB: Plugin initialization aborted with error Generic error
2026-10-06  8:41:28 0 [Note] InnoDB: Starting shutdown...
2026-10-06  8:41:28 0 [ERROR] Plugin 'InnoDB' registration as a STORAGE ENGINE failed.
2026-10-06  8:41:28 0 [Note] Plugin 'FEEDBACK' is disabled.
2026-10-06  8:41:28 0 [ERROR] Unknown/unsupported storage engine: InnoDB
2026-10-06  8:41:28 0 [ERROR] Aborting
